[    0.000000] Initializing cgroup subsys cpuset
[    0.000000] Initializing cgroup subsys cpu
[    0.000000] Initializing cgroup subsys cpuacct
[    0.000000] Linux version 4.4.0-45-generic (buildd@lgw01-34) (gcc version 5.4.0 20160609 (butu 5.4.0-6ubuntu1~16.04.2) ) #66-Ubuntu SMP Wed Oct 19 14:12:37 UTC 2016 (Ubuntu 4.4.0-45.66-generic 4.4.21)
[    0.000000] Command line: BOOT_IMAGE=/boot/vmlinuz-4.4.0-45-generic root=LABEL=cloudimg-rootfs ro console=tty1 console=ttyS0
[    0.000000] KERNEL supported cpus:
[    0.000000]   Intel GenuineIntel
[    0.000000]   AMD AuthenticAMD
[    0.000000]   Centaur CentaurHauls
[    0.000000] x86/fpu: xtateoffset[2]:  576, xstate_sizes[2]:  256
[    0.000000] x86/fpu: Supporting XSAVE feature 0x01: 'x87 floating point registers'
[    0.000000] x86/fpu: Supporting XSAVE feature 0x02: 'SSE registers'
[    0.00000] x86/fpu: Supporting XSVE fature 0x04: 'AVX registers'
[    0.000000] x86/fpu: Eabled xstate features 0x7, context size is 832 bytes, using 'standard' format.
[    0.0000] x86/fpu: Using 'lazy' FPU context switches.
[    0.000000] e820: BIOS-provided physical RAM map:
[    0.000000] BIOS-e820: [mem 0x0000000000000000-x0000000009fbff] usable
[    0.000000] BIOS-e820: [mem 0x000000000009fc00-0x000000000009ffff] reserved
[    0.000000] BIOS-e820: [mem 0x00000000000f0000-0x00000000000fffff] reserved
[    0.000000] BIOS-e820: [mem 0x0000000000100000-0x000000003ffeffff] usable
[    0.000000] BIOS-e820: [mem 0x000000003fff0000-0x000000003ffffff] ACPI data
[    0.000000] BIOS-e820 [mem 0x00000000fffc0000-0x00000000ffffffff] reserved
[    0.000000] NX (Execute Disable) protection: active
[    0.000000] SMBIOS 25 present.
[    0.000000] Hypervisor detected: KVM
[    0.000000] e82: ast_pn  0x3fff0 max_archpf= 0x400000
[    0.000000] RR Disabled
[    0.000000] x86/PAT: MTRRs disale, kipping PAT initialization too.
[    0.000000] x86/PAT: Configuratn [0-7]: WB  WT  UC- UC  WB  WT  UC- UC  
[    0.000000] CPU MTRRs all blank - virtualizedsystem.
[    00000] found SMP MP-table at [mem 0009ff0-0x0009ffff] mapd at [ffff88000009fff0]
[    0.000000] Scanning 1 areas folo memory corruption
[    0.000000] RAMDISK: [mem 0x36fdc000-0x37e5f]
[    0.000000] ACPI: Early table checksum verification disabled
[    0.000000] APIRSDP0x0000000E000 0004 (v2 OX  )
[   0000000] ACPI: XSDT 0x000000003FFF0030 00003C (v01 VBOX   VBOXXSDT 00000001 ASL  00000061)
[    0.000000] ACPIFAP 0x000003FFF0F 0004 v0 VBOX VBOFACP 00000001 ASL  000061
[   0.00000] ACP DSD 0000000FF0470 00211 (01 VBOX   VBOXBIOS 00000002 INTL 20100528)
[    0.000000] ACPI: FACS 0x0000003FFF0200 000040
[    0.000000] ACPI: FACS 0x000000003FFF0200 000040
[    0.000000] ACPI: APIC 0x000000003FFF0240 00005C (v02 VBOX   VBOXAPIC 00000001 ASL  000061)
[    0.000000] ACPI: SSDT 0x00000003FFF02A0 0001CC (v01 VBOX   VBOXCPUT 00000002 INTL 20100528)
[    0.000000] No NUMA configuration found
[    0.000000] Faking a node at [mem 0x0000000000000000-0x000000003ffeffff]
[    0.000000] NODE_DATA(0) allocated [mem 0x3ffeb000-0x3ffeffff]
[    0.000000] kvm-clock: Using msrs 4b564d01 and 4b564d00
[    0.000000] kvm-clock: cpu 0, msr 0:3ffe7001, primary cpu clock
[    0.000000] kvm-clock: using sched offset of 3313437978 cycles
[    0.000000] clcksource: kvm-clock: mask: 0xffffffffffffffff max_cycles: 0x1cd42e4dffb, max_idle_ns: 881590591483 ns
[    0.000000] Zone ranges:
[    0.000000]   DMA   [mem 0x0000000000001000-0x0000000000ffffff]
[    0.000000]   DMA32    [mem 0x0000000001000000-0x000000003feff][    0.000000]   Normal   empty
[    0.000000]   Device   empty
[    0.000] Movaleone ar foreah od
[   .00000] Early memory node ranges
[    0.000000]   node   0: [mem 0x0000000001000-0x000000000009efff]
[    0.000000]   node   0: [mem 0x0000000000100000-0x000000003ffeffff]
[    0.000000] Initmem setup node 0 [mem 0x0000000000001000-0x000000003ffeffff]
[    0.000000] ACPI: PM-Timer IO Port: 0x4008
[    0.000000] IOAPIC[0]: apic_id 2, version 17, address 0xfec00000, GSI 0-23
[    0.000000] ACPI: INT_SRC_OVR (bus 0 bus_irq 0 global_irq 2 dfl dfl)
[    0.000000] ACPI: INT_SRC_OVR (bus 0 bus_irq 9 global_irq 9 high level)
[    0.000000] Using ACPI (MADT) for SMP configuration information
[   0.000000] smpboot: Allowng CPUs0 hotplg CPUs
[   0.0000] PM: Riserd nave memory: [mem 0x00000000-0x00000fff]
[    0.000000] PM: Registered nosave memory: [mem 0x0009f000-0x0009ffff]
[    0.000000] PM: Registered nosave memory: [mem 0x000a0000-0x000effff]
[    0.000000] PM: Registered nosave memory: [mem 0x000f0000-0x000fffff]
[    0.000000] e820: [mem 0x40000000-0xfffbffff] available for PCI devices
[    0.000000] Booting paravirtualized kernel on KVM
[    0.000000] clocksource: refined-jiffies: mask: 0xffffffff max_cycles: 0xfffffff, mx_le_ns765519600211568 ns
[    0.000000] setup_percpu: NR_CPUS:256 nr_cpumaskbi:256 nr_cpu_ids:2 nr_node_ids:1
[    0.000000] PERCPU: Embedded 33 pages/cpu @ffff88003fc00000 s98008 r8192 d28968 u1048576
[    0.000000] PV qspinlochah ab entrs:256orer: 0,406 bys)
[    00000]But 1 oniss inNo order, obity grupg on.  Total pags: 25793
[    0.000000] Policy zone: DMA32
[    0.000000] Kernel command line: BOOT_IMAGE=/boot/vmlinuz-4.4.0-45-generic root=LABEL=cloudimg-rootfs ro consol=t1 cosoe=tyS0
[    00000] IDash talenties:40 (rder3,32768 bytes)
[    0.00000 Mmoy: 040410120K aaible (40K kernel code, 1283K rwdata, 3944K roata, 1480K init, 1292K bss, 43716K reserved, 0K cma-reserved)
[    0.000000] SLUB: HWalign=64, Order=0-3, MinObjects=0, CPUs=2, Nodes=1
[    .0000] ieraricl RCU implementation.
[    0.000000] 	Build-time adjustment of leaf fanout to 64.
[    0.000000] 	RCU restricting CPUs from NR_CPUS=256 to nr_cpu_ids=2.
[    0.000000] RCU: Adjustig ometry for rcu_fanout_lea=64 nr_cpu_ids=2
[    0.000000] NR_IRQS:16640 nr_irqs:440 16
[    0.000000] Console: clo VGA+ 80x25
[    0.000000] console [tty1] eabd
[  00000]conso [tyS0] enabled
[  0.000000] tsc: Detected 2599.98 MHz processor
[    6.034010] Calibrating delay loop (skipped) preset value.. 5199.99 BogoMIPS (lpj=10399992)
[    6.075881] pid_max: default: 32768 minimum: 301
[    6.081388] ACPI: Core revision 20150930
[    6.113998] ACPI: 2 ACPI AML tables successfully acquired and loaded
[    6.171423] Security Framework initialized
[    6.219485] Yama: becoming mindful.
[    6.228080] AppArmor: AppArmor initialized
[    6.295138] Dentry cache hash table entries: 131072 (order: 8, 1048576 bytes)
[    6.409366] Inode-cache hash table entries: 65536 (order: 7, 524288 bytes)
[    6.465766] Mount-cache hash table entries: 2048 (order: 2, 16384 bytes)
[    6.490175] Mountpoint-cache hash table entries: 2048 (order: 2, 16384 bytes)
[    6.503089] Initializing cgroup subsys io
[    6.515546] Initializing cgroup subsys memory
[    6.528062] Initializing cgroup subsys devices
[    6.534056] Initializing cgroup subsys freezer
[    6.537705] Initializing cgroup subsys net_cls
[    6.549638] Initializing cgroup subsys perf_event
[    6.555771] Initializing cgroup subsys net_prio
[    6.560345] Initializing cgroup subsys hugetlb
[    6.561570] Initializing cgroup subsys pids
[    6.565515] CPU: Physical Processor ID: 0
[    6.566875] CPU: Processor Core ID: 0
[    6.569620] mce: CPU supports 0 MCE banks
[    6.572284] Last level iTLB entries: 4KB 1024, 2MB 1024, 4MB 1024
[    6.573958] Last level dTLB entries: 4KB 1024, 2MB 1024, 4MB 1024, 1GB 4
[    6.578301] Freeing SMP alternatives memory: 32K (ffffffff820b4000 - ffffffff820bc000)
[    6.638023] ftrace: allocating 32007 entries in 126 pages
[    6.720195] smpboot: Max logical packages: 1
[    6.728044] smpboot: APIC(0) Converting physical 0 to logical package 0
[    6.750610] ..TIMER: vector=0x30 apic1=0 pin1=2 apic2=-1 pin2=-1
[    6.927375] smpboot: CPU0: Intel(R) Core(TM) i5-4278U CPU @ 2.60GHz (family: 0x6, model: 0x45, stepping: 0x1)
[    7.041074] Performance Events: unsupported p6 CPU model 69 no PMU driver, software events only.
[    7.139716] KVM setup paravirtual spinlock
[    7.191373] x86: Booting SMP configuration:
[    7.243653] .... node  #0, CPUs:      #1
[    7.272564] kvm-clock: cpu 1, msr 0:3ffe7041, secondary cpu clock
[    7.328694] mce: CPU supports 0 MCE banks
[    7.355203] x86: Booted up 1 node, 2 CPUs
[    7.385342] smpboot: Total of 2 processors activated (10399.99 BogoMIPS)
[    7.473223] devtmpfs: initialized
[    7.529095] evm: security.selinux
[    7.544313] evm: security.SMACK64
[    7.560338] evm: security.SMACK64EXEC
[    7.599591] evm: security.SMACK64TRANSMUTE
[    7.639800] evm: security.SMACK64MMAP
[    7.689195] evm: security.ima
[    7.740801] evm: security.capability
[    7.778591] clocksource: jiffies: mask: 0xffffffff max_cycles: 0xffffffff, max_idle_ns: 7645041785100000 ns
[    7.820421] pinctrl core: initialized pinctrl subsystem
[    7.886857] RTC time: 11:27:09, date: 11/16/16
[    7.891414] NET: Registered protocol family 16
[    7.955029] cpuidle: using governor ladder
[    7.999726] cpuidle: using governor menu
[    8.070996] PCCT header not found.
[    8.084185] ACPI: bus type PCI registered
[    8.088658] acpiphp: ACPI Hot Plug PCI Controller Driver version: 0.5
[    8.133736] PCI: Using configuration type 1 for base access
[    8.153876] ACPI: Added _OSI(Module Device)
[    8.199780] ACPI: Added _OSI(Processor Device)
[    8.219842] ACPI: Added _OSI(3.0 _SCP Extensions)
[    8.275127] ACPI: Added _OSI(Processor Aggregator Device)
[    8.288506] ACPI: Executed 1 blocks of module-level executable AML code
[    8.357579] ACPI: Interpreter enabled
[    8.372487] ACPI Exception: AE_NOT_FOUND, While evaluating Sleep State [\_S1_] (20150930/hwxface-580)
[    8.487796] ACPI Exception: AE_NOT_FOUND, While evaluating Sleep State [\_S2_] (20150930/hwxface-580)
[    8.540260] ACPI Exception: AE_NOT_FOUND, While evaluating Sleep State [\_S3_] (20150930/hwxface-580)
[    8.655468] ACPI Exception: AE_NOT_FOUND, While evaluating Sleep State [\_S4_] (20150930/hwxface-580)
[    8.740639] ACPI: (supports S0 S5)
[    8.749017] ACPI: Using IOAPIC for interrupt routing
[    8.781935] PCI: Using host bridge windows from ACPI; if necessary, use "pci=nocrs" and report a bug
[    8.855124] ACPI: PCI Root Bridge [PCI0] (domain 0000 [bus 00-ff])
[    8.920364] acpi PNP0A03:00: _OSC: OS supports [ASPM ClockPM Segments MSI]
[    8.973429] acpi PNP0A03:00: _OSC failed (AE_NOT_FOUND); disabling ASPM
[    9.045171] acpi PNP0A03:00: fail to add MMCONFIG information, can't access extended PCI configuration space under this bridge.
[    9.153806] PCI host bridge to bus 0000:00
[    9.195837] pci_bus 0000:00: root bus resource [io  0x0000-0x0cf7 window]
[    9.287791] pci_bus 0000:00: root bus resource [io  0x0d00-0xffff window]
[    9.333716] pci_bus 0000:00: root bus resource [mem 0x000a0000-0x000bffff window]
[    9.416244] pci_bus 0000:00: root bus resource [mem 0x40000000-0xffdfffff window]
[    9.488951] pci_bus 0000:00: root bus resource [bus 00-ff]
[    9.506123] pci 0000:00:01.1: legacy IDE quirk: reg 0x10: [io  0x01f0-0x01f7]
[    9.543079] pci 0000:00:01.1: legacy IDE quirk: reg 0x14: [io  0x03f6]
[    9.567344] pci 0000:00:01.1: legacy IDE quirk: reg 0x18: [io  0x0170-0x0177]
[    9.568904] pci 0000:00:01.1: legacy IDE quirk: reg 0x1c: [io  0x0376]
[    9.621170] ACPI: PCI Interrupt Link [LNKA] (IRQs 5 9 10 11) *0, disabled.
[    9.716199] ACPI: PCI Interrupt Link [LNKB] (IRQs 5 9 10 *11)
[    9.779741] ACPI: PCI Interrupt Link [LNKC] (IRQs 5 9 *10 11)
[    9.827402] ACPI: PCI Interrupt Link [LNKD] (IRQs 5 *9 10 11)
[    9.868061] ACPI: Enabled 2 GPEs in block 00 to 07
[    9.913042] vgaarb: setting as boot device: PCI:0000:00:02.0
[    9.976266] vgaarb: device added: PCI:0000:00:02.0,decodes=io+mem,owns=io+mem,locks=none
[   10.055668] vgaarb: loaded
[   10.101396] vgaarb: bridge control possible 0000:00:02.0
[   10.137279] SCSI subsystem initialized
[   10.152570] ACPI: bus type USB registered
[   10.220497] usbcore: registered new interface driver usbfs
[   10.221794] usbcore: registered new interface driver hub
[   10.223337] usbcore: registered new device driver usb
[   10.231954] PCI: Using ACPI for IRQ routing
[   10.241270] NetLabel: Initializing
[   10.242148] NetLabel:  domain hash size = 128
[   10.245017] NetLabel:  protocols = UNLABELED CIPSOv4
[   10.263257] NetLabel:  unlabeled traffic allowed by default
[   10.269636] amd_nb: Cannot enumerate AMD northbridges
[   10.272522] clocksource: Switched to clocksource kvm-clock
[   10.305157] ApArr:AppArmor Filesystem Enabled
[  1435626] pnp: PnP AI int
[   10.6504] p:nPCPI:fod dece
[   11.183407] clocksource: acpi_pm: mask: 0xffffff max_cycles: 0xffffff, max_idle_ns: 2085701024 ns
[   11.255288] NET: Registered protocol family 2
[   11.313739] TCP established hash table entries: 8192 (order: 4, 65536 bytes)
[   11.327448] TCP bind hash table entries: 8192 (order: 5, 131072 bytes)
[   11.421085] TCP: Hash tables configured (established 8192 bind 8192)
[   11.547078] UDP hash table entries: 512 (order: 2, 16384 bytes)
[   11.663313] UDP-Lite hash table entries: 512 (order: 2, 16384 bytes)
[   11.716775] NET: Registered protocol family 1
[   11.789942] pci 0000:00:00.0: Limiting direct PCI/PCI transfers
[   11.875646] pci 0000:00:01.0: Activating ISA DMA hang workarounds
[   11.908959] Trying to unpack rootfs image as initramfs...
[   13.512142] Freeing initrd memory: 8232K (ffff880036fdc000 - ffff8800377e6000)
[   13.595459] RAPL PMU detected, API unit is 2^-32 Joules, 4 fixed counters 10737418240 ms ovfl timer
[   13.628317] hw unit of domain pp0-core 2^-0 Joules
[   13.657196] hw unit of domain package 2^-0 Joules
[   13.690100] hw unit of domain dram 2^-0 Joules
[   13.724089] hw unit of domain pp1-gpu 2^-0 Joules
[   13.804864] platform rtc_cmos: registered platform RTC device (no PNP device found)
[   13.856312] Scanning for low memory corruption every 60 seconds
[   13.890567] futex hash table entries: 512 (order: 3, 32768 bytes)
[   14.023706] audit: initializing netlink subsys (disabled)
[   14.102983] audit: type=2000 audit(1479295631.211:1): initialized
[   14.138413] Initialise system trusted keyring
[   14.164952] HugeTLB registered 2 MB page size, pre-allocated 0 pages
[   14.185174] zbud: loaded
[   14.203195] VFS: Disk quotas dquot_6.6.0
[   14.229059] VFS: Dquot-cache hash table entries: 512 (order 0, 4096 bytes)
[   14.230828] squashfs: version 4.0 (2009/01/31) Phillip Lougher
[   14.255539] fuse init (API version 7.23)
[   14.277651] Key type big_key registered
[   14.306716] Allocating IMA MOK and blacklist keyrings.
[   14.338645] Key type asymmetric registered
[   14.353991] Asymmetric key parser 'x509' registered
[   14.357729] Block layer SCSI generic (bsg) driver version 0.4 loaded (major 249)
[   14.367545] io scheduler noop registered
[   14.370085] io scheduler deadline registered (default)
[   14.371445] io scheduler cfq registered
[   14.384197] pci_hotplug: PCI Hot Plug PCI Core version: 0.5
[   14.388441] pciehp: PCI Express Hot Plug Controller Driver version: 0.4
[   14.394992] ACPI: AC Adapter [AC] (on-line)
[   14.398713] input: Power Button as /devices/LNXSYSTM:00/LNXPWRBN:00/input/input0
[   14.417854] ACPI: Power Button [PWRF]
[   14.436152] input: Sleep Button as /devices/LNXSYSTM:00/LNXSLPBN:00/input/input1
[   14.467313] ACPI: Sleep Button [SLPF]
[   14.524309] GHES: HEST is not enabled!
[   14.525532] ACPI: Battery Slot [BAT0] (battery present)
[   14.598522] Serial: 8250/16550 driver, 32 ports, IRQ sharing enabled
[   14.700748] 00:02: ttyS0 at I/O 0x3f8 (irq = 4, base_baud = 115200) is a 16550A
[   14.794786] Linux agpgart interface v0.103
[   14.832878] tsc: Refined TSC clocksource calibration: 2599.978 MHz
[   14.888503] clocksource: tsc: mask: 0xffffffffffffffff max_cycles: 0x257a27475a6, max_idle_ns: 440795243614 ns
[   15.025823] brd: module loaded
[   5.695]oo mulloaded
[   5.35] csi host0 a_pix
[   156748 si st aa_ix
[   16.018265] ata1: PATA max UDMA/33 cmd 0x1f0 ctl 0x3f6 bmdma 0xd000 irq 14
[   16.035850] ata2: PATA max UDMA/33 cmd 0x170 ctl 0x376 bmdma 0xd008 irq 15
[   16.117135] libphy: Fixed MDIO Bus: probed
[   16.122062] tun: Universal TUN/TAP device driver, 1.6
[   16.175772] tun: (C) 1999-2004 Max Krasnyansky <maxk@qualcomm.com>
[   16.245682] PPP generic driver version 2.4.2
[   16.265874] ehci_hcd: USB 2.0 'Enhanced' Host Controller (EHCI) Driver
[   16.298146] ehci-pci: EHCI PCI platform driver
[   6.34117 ei-atrmEHCI generic platform driver

[   6.622222] ohi_hd:US1.1 'Open' Host Controller (OHCI) Driver
[  18188ohcipci: HCPCplfo dve
[  17.328] cilaor OCIgeric platform driver

[   17.751039] uhcihcd: USBUnvers Ht Controller Interface driver

[   17.972712] i8042: PNP: PS/2 Controllr [PNP0303:PS2K,PNP0f03:PS2M] at 060x64ir1,
  8.3319] serio:80 K prt at 0x60,0x64 irq 1
[   18.5783]ser: 04AUport at 0x60,0x64 irq 12

[   18.899974] mousedev: PS/2 mouse device common for all mice
[   18.914950] rtc_cmos rtc_cmos: rtc core: registered rtc_cmos as rtc0
[   18.933618] rtc_cmos rtc_cmos: alarms up to one day, 114 bytes nvram
[   18.973041] i2c /dev entries driver
[   19.005487] device-mapper: uevent: version 1.0.3
[   19.071711] device-mapper: ioctl: 4.34.0-ioctl (2015-10-28) initialised: dm-devel@redhat.com
[   19.100082] ledtrig-cpu: registered to indicate activity on CPUs
[   19.104062] input: AT Translated Set 2 keyboard as /devices/platform/i8042/serio0/input/input2
[   19.91] T:egstered protol mi 1

[   19.596261] NET: Registered protocol family 17
[   19.636540] Key type dns_resolver registered
[   19.685739] microcode: CPU0 sig=0x40651, pf=0x40, revision=0x0
[   19.708771] microcode: CPU1 sig=0x40651, pf=0x40, revision=0x0
[   19.723550] microcode: Microcode Update Driver: v2.01 <tigran@aivazian.fsnet.co.uk>, Peter Oruba
[   19.751084] registered taskstats version 1
[   19.757917] Loading compiled-in X.509 certificates
[   19.790096] Loaded X.509 cert 'Build time autogenerated kernel key: 5295ae568fdd4deae5e4e5c175542790e6aaeab9'
[   19.834795] zswap: loaded using pool lzo/zbud
[   19.843815] Key type trusted registered
[   19.871356] Key type encrypted registered
[   19.881876] AppArmor: AppArmor sha1 policy hashing enabled
[   19.902678] ima: No TPM chip found, activating TPM-bypass!
[   19.917461] evm: HMAC attrs: 0x1
[   19.925626]   Magic number: 8:325:479
[   19.935892] rtc_cmos rtc_cmos: setting system clock to 2016-11-16 11:27:21 UTC (1479295641)
[   19.938256] BIOS EDD facility v0.16 2004-Jun-25, 0 devices found
[   19.953202] EDD information not available.
[   19.958816] Freeing unused kernel memory: 1480K (ffffffff81f42000 - ffffffff820b4000)
[   20.021840] Write protecting the kernel read-only data: 14336k
[   20.029329] Freeing unused kernel memory: 1820K (ffff880001839000 - ffff880001a00000)
[   20.039683] Freeing unused kernel memory: 152K (ffff880001dda000 - ffff880001e00000)
Loading, please wait...
starting version[   20.134153] random: udevadm: uninitialized urandom read (16 bytes read, 3 bits of entropy available)
 229
[   20.140898] random: systemd-udevd: uninitialized urandom read (16 bytes read, 3 bits of entropy available)
[   20.141303] random: systemd-udevd: uninitialized urandom read (16 bytes read, 3 bits of entropy available)
[   20.141316] random: systemd-udevd: uninitialized urandom read (16 bytes read, 3 bits of entropy available)
[   20.141327] random: systemd-udevd: uninitialized urandom read (16 bytes read, 3 bits of entropy available)
[   20.425673] random: udevadm: uninitialized urandom read (16 bytes read, 3 bits of entropy available)
[   20.522003] random: udevadm: uninitialized urandom read (16 bytes read, 3 bits of entropy available)
[   20.543403] random: udevadm: uninitialized urandom read (16 bytes read, 3 bits of entropy available)
[   20.617984] random: udevadm: uninitialized urandom read (16 bytes read, 3 bits of entropy available)
[   20.646092] random: udevadm: uninitialized urandom read (16 bytes read, 3 bits of entropy available)
[   20.699355] Fusion MPT base driver 3.04.20
[   20.713294] Copyright (c) 1999-2008 LSI Corporation
[   20.735404] e1000: Intel(R) PRO/1000 Network Driver - version 7.3.21-k8-NAPI
[   20.748573] e1000: Copyright (c) 1999-2006 Intel Corporation.
[   20.771687] Fusion MPT SPI Host driver 3.04.20
[   20.807503] AVX version of gcm_enc/dec engaged.
[   20.823246] AES CTR mode by8 optimization enabled
[   21.036430] input: ImExPS/2 Generic Explorer Mouse as /devices/platform/i8042/serio1/input/input4
[   21.237685] e1000 0000:00:03.0 eth0: (PCI:33MHz:32-bit) 02:8c:e2:cf:b5:33
[   21.298459] e1000 0000:00:03.0 eth0: Intel(R) PRO/1000 Network Connection
[   21.821488] e1000 0000:00:08.0 eth1: (PCI:33MHz:32-bit) 08:00:27:10:82:fd
[   21.850479] e1000 0000:00:08.0 eth1: Intel(R) PRO/1000 Network Connection
[   21.887060] e1000 0000:00:08.0 enp0s8: renamed from eth1
[   21.905235] mptbase: ioc0: Initiating bringup
[   21.945369] e1000 0000:00:03.0 enp0s3: renamed from eth0
[   22.005544] ioc0: LSI53C1030 A0: Capabilities={Initiator}
[   22.200578] scsi host2: ioc0: LSI53C1030 A0, FwRev=00000000h, Ports=1, MaxQ=256, IRQ=20
[   22.373291] scsi 2:0:0:0: Direct-Access     VBOX     HARDDISK         1.0  PQ: 0 ANSI: 5
[   22.485916] scsi target2:0:0: Beginning Domain Validation
[   22.532409] scsi target2:0:0: Domain Validation skipping write tests
[   22.623800] scsi target2:0:0: Ending Domain Validation
[   22.681318] scsi target2:0:0: asynchronous
[   23.203711] scsi 2:0:1:0: Direct-Access     VBOX     HARDDISK         1.0  PQ: 0 ANSI: 5
[   25.067353] floppy0: no floppy controllers found
[   25.067404] scsi target2:0:1: Beginning Domain Validation
[   25.069038] scsi target2:0:1: Domain Validation skipping write tests
[   25.069039] scsi target2:0:1: Ending Domain Validation
[   25.069106] scsi target2:0:1: asynchronous
[   25.284332] sd 2:0:0:0: [sda] 20971520 512-byte logical blocks: (10.7 GB/10.0 GiB)
[   25.361849] sd 2:0:0:0: Attached scsi generic sg0 type 0
[   25.362226] sd 2:0:0:0: [sda] Write Protect is off
[   25.362363] sd 2:0:0:0: [sda] Incomplete mode parameter data
[   25.362364] sd 2:0:0:0: [sda] Assuming drive cache: write through
[   25.370909]  sda: sda1
[   25.371689] sd 2:0:0:0: [sda] Attached SCSI disk
[   25.684103] sd 2:0:1:0: [sdb] 20480 512-byte logical blocks: (10.5 MB/10.0 MiB)
[   25.737021] sd 2:0:1:0: Attached scsi generic sg1 type 0
[   25.785104] sd 2:0:1:0: [sdb] Write Protect is off
[   25.815388] sd 2:0:1:0: [sdb] Incomplete mode parameter data
[   25.885606] sd 2:0:1:0: [sdb] Assuming drive cache: write through
[   25.922418] sd 2:0:1:0: [sdb] Attached SCSI disk
Begin: Loading e[   27.391424] md: linear personality registered for level -1
ssential drivers[   27.444129] md: multipath personality registered for level -4
 ... [   27.523974] md: raid0 personality registered for level 0
[   27.592171] md: raid1 personality registered for level 1
[   27.720742] raid6: sse2x1   gen()  5288 MB/s
[   27.816808] raid6: sse2x1   xor()  4790 MB/s
[   27.893463] raid6: sse2x2   gen()  7288 MB/s
[   28.040691] raid6: sse2x2   xor()  3893 MB/s
[   28.148624] raid6: sse2x4   gen()  3969 MB/s
[   28.237441] raid6: sse2x4   xor()  4162 MB/s
[   28.259226] raid6: using algorithm sse2x2 gen() 7288 MB/s
[   28.260964] raid6: .... xor() 3893 MB/s, rmw enabled
[   28.268895] raid6: using ssse3x2 recovery algorithm
[   28.297213] xor: automatically using best checksumming function:
[   28.404826]    avx       : 17756.000 MB/sec
[   28.472972] async_tx: api initialized (async)
[   28.529531] md: raid6 personality registered for level 6
[   28.557296] md: raid5 personality registered for level 5
[   28.578292] md: raid4 personality registered for level 4
[   28.621172] md: raid10 personality registered for level 10
done.
Begin: Running /scripts/init-premount ... done.
Begin: Mounting root file sys[   28.727597] Btrfs loaded
tem ... Begin: Running /scripts/local-top ... done.
Begin: Running /scripts/local-premount ... Scanning for Btrfs filesystems
done.
Warning: fsck no[   28.856046] EXT4-fs (sda1): mounted filesystem with ordered data mode. Opts: (null)
t present, so skipping root file system
done.
Begin: Running /scripts/local-bottom ... done.
Begin: Running /scripts/init-bottom ... Warning: overlayroot: debug is busted
done.
[   29.225045] systemd[1]: systemd 229 running in system mode. (+PAM +AUDIT +SELINUX +IMA +APPARMOR +SMACK +SYSVINIT +UTMP +LIBCRYPTSETUP +GCRYPT +GNUTLS +ACL +XZ -LZ4 +SECCOMP +BLKID +ELFUTILS +KMOD -IDN)
[   29.333492] systemd[1]: Detected virtualization oracle.
[   29.405243] systemd[1]: Detected architecture x86-64.

Welcome to [1mUbuntu 16.04.1 LTS[0m!

[   29.458554] systemd[1]: Set hostname to <ubuntu>.
[   29.474372] systemd[1]: Initializing machine ID from random generator.
[   29.531901] systemd[1]: Installed transient /etc/machine-id file.
[ 2988384]ysmd]: reed slice User and Sesson Slice.
[[0;32m  OK  [0m] Created slice User and Session Slice.
[  30.60935] systemd[1]: Listening on /dev/initctl Compatibility NaedPi. [[0;32m  OK  [0m] Listening on /dev/initctl Compatibility Named Pipe.
[ 31.654]ysem1]: iseng on ounaAudi Ske.
[[0;32m  OK  [0m] Listening on Journal Audit Socket.
[ 31.9241] sysem[1 Reached target Encrypted Volumes.

[[0;32m  OK  [0m] Reached target Encrypted Volumes.
[ 32.268604]syem1]: eated slice System Slice.

[[0;32m  OK  [0m] Created slice System Slice.
[  32.290]sytemd[1]: Created slice system-serial\x2dgetty.sle.
[[0;32m  OK  [0m] Created slice system-serial\x2dgetty.slice.
[   33.014669] systemd[1]: Started Forward Password Requests to Wall Directory Watch.
[[0;32m  OK  [0m] Started Forward Password Requests to Wall Directory Watch.
[   33.019257] systemd[1]: Listening on udev Control Socket.
[[0;32m  OK  [0m] Listening on udev Control Socket.
[   33.052192] systemd[1]: Listening on udev Kernel Socket.
[[0;32m  OK  [0m] Listening on udev Kernel Socket.
[   33.066270] systemd[1]: Listening on Journal Socket.
[[0;32m  OK  [0m] Listening on Journal Socket.
[   33.125292] systemd[1]: Starting Remount Root and Kernel File Systems...
         Starting Remount[   33.170615] EXT4-fs (sda1): re-mounted. Opts: (null)
 Root and Kernel File Systems...
[   33.208904] systemd[1]: Mounting Huge Pages File System...
         Mounting Huge Pages File System...
[   33.229421] systemd[1]: Starting Load Kernel Modules...
         Starting Load Kernel Modules...
[   33.262106] systemd[1]: Starting Set console keymap...
         [   33.276732] Loading iSCSI transport class v2.0-870.
Starting Set console keymap...[   33.304174] iscsi: registered transport (tcp)

[   33.333346] systemd[1]: Mounting POSIX Message Queue File System...
         Mounting POSIX Message Queue File System...
[   33.338430] systemd[1]: Starting Create list of required static device nodes for the current kernel...
         Starting Create list of required st... nodes for the current kernel...
[   33.351679] systemd[1]: Reached target User and Group Name Lookups.
[[0;32m  OK  [0m] Reached target User and Group Name Lookups.
[   33.364360] systemd[1]: Mounting Debug File System...
         Mounting Debug File System...
[   33.369142] systemd[1]: Listening on Syslog Socket.
[[0;32m  OK  [0m] Listening on Syslog Socket.
[   33.412899] systemd[1]: Listening on LVM2 poll daemon socket.
[   33.422878] random: nonblocking pool is initialized
[[0;32m  OK  [0m] Listening on [   33.449819] iscsi: registered transport (iser)
LVM2 poll daemon socket.
[   33.459534] systemd[1]: Reached target Swap.
[[0;32m  OK  [0m] Reached target Swap.
[ 330933] systemd[1]: Listening on eve-pper event daem FOs

[[0;32m  OK  [0m] Listening on Device-mapper event daemon FIFOs.
[   34.107200] systemd[1]: Listening on LVM2 metadata daemon socket.
[[0;32m  OK  [0m] Listening on LVM2 metadata daemon socket.
[   34.389254] systemd[1]: Starting Monitoring of LVM2 mirrors, snapshots etc. using dmeventd or progress polling...
         Starting Monitoring of LVM2 mirrors... dmeventd or progress polling...
[   34.607182] systemd[1]: Listening on Journal Socket (/dev/log).
[[0;32m  OK  [0m] Listening on Journal Socket (/dev/log).
[   34.793208] systemd[1]: Starting Journal Service...
         Starting Journal Service...
[   34.854274] systemd[1]: Starting Nameserver information manager...
         Starting Nameserver information manager...
[   34.957154] sysemd[1]: Set up automoun Arbitrary Executable File Formats Fi SsteAuomount oit.
[[0;32m  OK  [0m] Set up automount Arbitrary Executab...ats File System Automount Point.
[   35.502813] systemd[1]: Reached target Slices.
[[0;32m  OK  [0m] Reached target Slices.
[   35.545621] systemd[1]: Starting Uncomplicated firewall...
         Starting Uncomplicated firewall...
[   35.609923] systemd[1]: Mounted Debug File System.
[[0;32m  OK  [0m] Mounted Debug File System.
[   35.677908] systemd[1]: Mounted POSIX Message Queue File System.
[[0;32m  OK  [0m] Mounted POSIX Message Queue File System.
[   35.687545] systemd[1]: Mounted Huge Pages File System.
[[0;32m  OK  [0m] Mounted Huge Pages File System.
[   35.758123] systemd[1]: Started Journal ervice.
[[0;32m  OK  [0m] Started Journal Service.
[[0;32m  OK  [0m] Started Remount Root and Kernel File Systems.
[[0;32m  OK  [0m] Started Load Kernel Modules.
[[0;32m  OK  [0m] Started Set console keymap.
[[0;32m  OK  [0m] Started Create list of required sta...ce nodes for the current kernel.
[[0;32m  OK  [0m] Started Uncomplicated firewall.
[[0;32m  OK  [0m] Started Nameserver information manager.
[[0;32m  OK  [0m] Started LVM2 metadata daemon.
         Starting Create Static Device Nodes in /dev...
         Mounting FUSE Control File System...
         Starting Apply Kernel Variables...
         Starting Load/Save Random Seed...
         Starting udev Coldplug all Devices...
         Starting Flush Journal to Persistent Storage...
[[0;32m  OK  [0m] Mounted FUSE Control File System.
[[0;32m  OK  [0m] Started Monitoring of LVM2 mirrors,...ng dmeventd or progress polling.
[[0;32m  OK  [0m] Started Create Static Device Nodes in /dev.
[[0;32m  OK  [0m] Started Apply Kernel Variables.
[[0;32m  OK  [0m] Started Load/Save Random Seed.
[[0;32m  OK  [0m] Started udev Coldplug all Devices.
[[0;32m  OK  [0m] Started Flush Journal to Persistent Storage.
         Starting udev Kernel Device Manager...
[[0;32m  OK  [0m] Started udev Kernel Device Manager.
[[0;32m  OK  [0m] Reached target Local File Systems (Pre).
[[0;32m  OK  [0m] Reached target Local File Systems.
         Starting Tell Plymouth To Write Out Runtime Data...
         Starting Run snappy firstboot setup...
         Starting Initial cloud-init job (pre-networking)...
         Starting Commit a transient machine-id on disk...
         Starting Set console font and keymap...
         Starting Create Volatile Files and Directories...
         Starting LSB: AppArmor initialization...
[[0;32m  OK  [0m] Started Dispatch Password Requests to Console Directory Watch.
[[0;32m  OK  [0m] Started Tell Plymouth To Write Out Runtime Data.
[[0;32m  OK  [0m] Started Run snappy firstboot setup.
[[0;32m  OK  [0m] Started Commit a transient machine-id on disk.
[   28.773764] cloud-init[596]: Cloud-init v. 0.7.8 running 'init-local' at Wed, 16 Nov 2016 11:27:39 +0000. Up 28.45 seconds.
[[0;32m  OK  [0m] Started Create Volatile Files and Directories.
[[0;32m  OK  [0m] Started Set console font and keymap.
[[0;32m  OK  [0m] Started Initial cloud-init job (pre-networking).
[[0;32m  OK  [0m] Found device /dev/ttyS0.
[[0;32m  OK  [0m] Listening on Load/Save RF Kill Switch Status /dev/rfkill Watch.
[[0;32m  OK  [0m] Created slice system-getty.slice.
         Starting Update UTMP about System Boot/Shutdown...
[[0;32m  OK  [0m] Reached target System Time Synchronized.
[[0;32m  OK  [0m] Reached target Network (Pre).
[[0;32m  OK  [0m] Started Update UTMP about System Boot/Shutdown.
[[0;32m  OK  [0m] Started LSB: AppArmor initialization.
[[0;32m  OK  [0m] Reached target System Initialization.
         Starting Socket activation for snappy daemon.
[[0;32m  OK  [0m] Listening on UUID daemon activation socket.
[[0;32m  OK  [0m] Started Timer to automatically refresh installed snaps.
[[0;32m  OK  [0m] Started ACPI Events Check.
[[0;32m  OK  [0m] Listening on D-Bus System Message Bus Socket.
[[0;32m  OK  [0m] Listening on ACPID Listen Socket.
[[0;32m  OK  [0m] Started Daily apt activities.
[[0;32m  OK  [0m] Started Trigger resolvconf update for networkd DNS.
[[0;32m  OK  [0m] Reached target Paths.
         Starting LXD - unix socket.
[[0;32m  OK  [0m] Started Daily Cleanup of Temporary Directories.
[[0;32m  OK  [0m] Reached target Timers.
         Starting Raise network interfaces...
[[0;32m  OK  [0m] Listening on Socket activation for snappy daemon.
[[0;32m  OK  [0m] Listening on LXD - unix socket.
[[0;32m  OK  [0m] Reached target Sockets.
[[0;32m  OK  [0m] Reached target Basic System.
         Starting LSB: MD monitoring daemon...
[[0;32m  OK  [0m] Started FUSE filesystem for LXC.
         Starting LXD - container startup/shutdown...
[[0;32m  OK  [0m] Started Regular background program processing daemon.
[[0;32m  OK  [0m] Started Deferred execution scheduler.
         Starting Accounts Service...
         Starting Login Service...
[[0;32m  OK  [0m] Started D-Bus System Message Bus.
[[0;32m  OK  [0m] Started ACPI event daemon.
         Starting System Logging Service...
         Starting LSB: Record successful boot for GRUB...
[[0;32m  OK  [0m] Started Snappy daemon.
[[0;32m  OK  [0m] Started System Logging Service.
[[0;32m  OK  [0m] Started LXD - container startup/shutdown.
[[0;32m  OK  [0m] Started LSB: MD monitoring daemon.
[[0;32m  OK  [0m] Started Login Service.
[[0;32m  OK  [0m] Started LSB: Record successful boot for GRUB.
         Starting Authenticate and Authorize Users to Run Privileged Tasks...
[[0;32m  OK  [0m] Started Authenticate and Authorize Users to Run Privileged Tasks.
[[0;32m  OK  [0m] Started Accounts Service.
[[0;32m  OK  [0m] Started Raise network interfaces.
         Starting Initial cloud-init job (metadata service crawler)...
[[0;32m  OK  [0m] Reached target Network.
[   32.209345] cloud-init[1006]: Cloud-init v. 0.7.8 running 'init' at Wed, 16 Nov 2016 11:27:42 +0000. Up 31.57 seconds.
[   32.276718] [cloud-init[0;32m  OK  [0m[1006]: ] ci-info: ++++++++++++++++++++++++++++++++++++++Net device info++++++++++++++++++++++++++++++++++++++Started Initial cloud-init job (metadata service crawler).

[   32.277437] cloud-init[1006]: ci-info: +--------+-------+----------------------------+---------------+-------+-------------------+
[   32.488381] [cloud-init[0;32m  OK  [0m[1006]: ] ci-info: | Device |   Up  |          Address           |      Mask     | Scope |     Hw-Address    |Reached target Network is Online.

[   32.489332] cloud-init[1006]: ci-info: +--------+-------+----------------------------+---------------+-------+-------------------+
[   32.661879]          cloud-initStarting Pollinate to seed the pseudo random number generator...[1006]: 
ci-info: | enp0s3 |  True |         10.0.2.15          | 255.255.255.0 |   .   | 02:8c:e2:cf:b5:33 |
[   32.793223]          Starting iSCSI initiator daemon (iscsid)...
cloud-init[1006]: ci-info: | enp0s3 |  True | fe80::8c:e2ff:fecf:b533/64 |       .       |  link | 02:8c:e2:cf:b5:33 |
[   32.812681] cloud-init[1006]: ci-info: | enp0s8 | False |             .              |       .       |   .   | 08:00:27:10:82:fd |
         Starting /etc/rc.local Compatibility...
[[0;32m  OK  [0m] Reached target Cloud-config availability.
[   32.870363] cloud-init[1006]: ci-info: |   lo   |  True |         127.0.0.1          |   255.0.0.0   |   .   |         .         |
[   33.112273]          cloud-initStarting Apply the settings specified in cloud-config...[1006]: 
ci-info: |   lo   |  True |          ::1/128           |       .       |  host |         .         |
[   33.286286] [cloud-init[0;32m  OK  [0m[1006]: ] ci-info: +--------+-------+----------------------------+---------------+-------+-------------------+Started /etc/rc.local Compatibility.

[   33.326503] [cloud-init[0;32m  OK  [0m[1006]: ] ci-info: +++++++++++++++++++++++++++Route IPv4 info++++++++++++++++++++++++++++Started iSCSI initiator daemon (iscsid).

[   33.327139] cloud-init[1006]: ci-info: +-------+-------------+----------+---------------+-----------+-------+
[   33.372582] cloud-init[1006]: ci-info: | Route | Destination | Gateway  |    Genmask    | Interface | Flags |
         Starting Login to default iSCSI targets...
[   33.397040] cloud-init[1006]: ci-info: +-------+-------------+----------+---------------+-----------+-------+
[   33.413109] cloud-init[1006]: ci-info: |   0   |   0.0.0.0   | 10.0.2.2 |    0.0.0.0    |   enp0s3  |   UG  |
[   33.466131] [cloud-init[0;32m  OK  [0m[1006]: ] ci-info: |   1   |   10.0.2.0  | 0.0.0.0  | 255.255.255.0 |   enp0s3  |   U   |Started Login to default iSCSI targets.

[   33.466922] cloud-init[1006]: ci-info: +-------+-------------+----------+---------------+-----------+-------+
[   33.512783] [[0;32m  OK  [0m] Started Pollinate to seed the pseudo random number generator.
cloud-init[1006]: Generating public/private rsa key pair.
         Starting OpenBSD Secure Shell server...
[   33.575762] cloud-init[1006]: Your identification has been saved in /etc/ssh/ssh_host_rsa_key.
[[0;32m  OK  [0m] Reached target Remote File Systems (Pre).
[[0;32m  OK  [0m] Reached target Remote File Systems.
[   33.608668] cloud-init[1006]: Your public key has been saved in /etc/ssh/ssh_host_rsa_key.pub.
         Starting Permit User Sessions...
[   33.672708] cloud-init[1006]: The key fingerprint is:
[   33.700959] cloud-init[1006]: SHA256:T4/IH0XkDzlspdTXBXhBoJVZqhubtsuNwEuj4J+nYfw root@ubuntu-xenial
[   33.740621] cloud-init[1006]: The key's randomart image is:
         Starting LSB: Set the CPU Frequency Scaling governor to "ondemand"...
[   33.757269] cloud-init[1006]: +---[RSA 2048]----+
[   33.787531] cloud-init[1006]: |            =O*o+|
         Starting LSB: VirtualBox Linux Additions...
[   33.810258] cloud-init[1006]: |           B+=o o|
         Starting LSB: automatic crash report generation...
[   33.873106] cloud-init[1006]: |          . @. . |
         Starting LSB: daemon to balance interrupts for SMP systems...
[[0;32m  OK  [0m] Started OpenBSD Secure Shell server.
[   33.930269] [cloud-init[0;32m  OK  [0m[1006]: ] |           + +   |Started Permit User Sessions.

[   33.968261] cloud-init[1006]: |        S + . .  |
[   33.987571] [cloud-init[0;32m  OK  [0m[1006]: ] |     . o + O     |Started LSB: Set the CPU Frequency Scaling governor to "ondemand".

[   33.988260] cloud-init[1006]: |    . + B O .    |
[   34.028557] cloud-init[1006]: |   . o *.B =     |
[   34.046941]          Starting Hold until boot process finishes up...
         Starting Terminate Plymouth Boot Screen...
[[0;32m  OK  [0m] Started Hold until boot process finishes up.
cloud-init[1006]: |    ..=oE *..    |
         Starting Set console scheme...
[   34.070040] cloud-init[1006]: +----[SHA256]-----+
[   34.093500] cloud-init[1006]: Generating public/private dsa key pair.
[   34.117254] [cloud-init[0;32m  OK  [0m[1006]: ] Your identification has been saved in /etc/ssh/ssh_host_dsa_key.Started Serial Getty on ttyS0.

[   34.118491] cloud-init[1006]: Your public key has been saved in /etc/ssh/ssh_host_dsa_key.pub.
[   34.178146] [cloud-init[0;32m  OK  [0m[1006]: ] The key fingerprint is:Started Getty on tty1.

[   34.178570] [cloud-init[0;32m  OK  [0m[1006]: ] SHA256:5+0eFf4N1nCzEY6axmzPuDg2oM6gU8Dxkc8KMkZOtQ0 root@ubuntu-xenialReached target Login Prompts.

[   34.199943] cloud-init[1006]: The key's randomart image is:
[   34.303677] [[0;32m  OK  [0m] Started LSB: VirtualBox Linux Additions.
cloud-init[1006]: +---[DSA 1024]----+
[   34.351089] [cloud-init[0;32m  OK  [0m[1006]: ] |  .E.          . |Started LSB: automatic crash report generation.

[   34.351949] [[0;32m  OK  [0m] Started LSB: daemon to balance interrupts for SMP systems.
cloud-init[1006]: | + o+         o .|
[[0;32m  OK  [0m] Started Terminate Plymouth Boot Screen.
[[0;32m  OK  [0m] Started Set console scheme.
[   34.432266] cloud-init[1006]: |= o.+.       .o+.|
[   34.493399] cloud-init[1006]: |o* . o    o o. =+|
[   34.499121] cloud-init[1006]: |o.o .   S .B  =..|
[   34.506082] cloud-init[1006]: |   o   . oo.+o o.|
[   34.518037] cloud-init[1006]: |  ..  . . ..oo  o|
[   34.526415] cloud-init[1006]: | .. o.   +....   |
[   34.540391] cloud-init[1006]: | .. .o  ..ooo    |
[[0;32m  OK  [0m] Reached target Multi-User System.
[   34.550381] cloud-init[1006]: +----[SHA256]-----+
[   34.580372] cloud-init[1006]: Generating public/private ecdsa key pair.
[   34.596761] cloud-init[1006]: Your identification has been saved in /etc/ssh/ssh_host_ecdsa_key.
         Starting Notify bootloader that boot was successful...
[[0;32m  OK  [0m] Reached target Graphical Interface.
[   34.647201] cloud-init[1006]: Your public key has been saved in /etc/ssh/ssh_host_ecdsa_key.pub.
[   34.704607] cloud-init[1006]: The key fingerprint is:
         Starting Update UTMP about System Runlevel Changes...
[[0;32m  OK  [0m] Started Notify bootloader that boot was successful.
[   34.720582] cloud-init[1006]: SHA256:sKaKdVhhgAsaPe/SDBlR4qVPo/bar3+nnuklLIpYCjo root@ubuntu-xenial
[   34.780597] cloud-init[1006]: The key's randomart image is:
[   34.790295] cloud-init[1006]: +---[ECDSA 256]---+
[   34.794350] cloud-init[1006]: | o+oo            |
[   34.812926] cloud-init[1006]: |+.+=             |
[[0;32m  OK  [0m] Started Update UTMP about System Runlevel Changes.
[   34.843854] cloud-init[1006]: |ooo== .          |
[   34.877166] cloud-init[1006]: |o o=.o o         |
[   34.885452] cloud-init[1006]: |  o=o o S        |
[   34.893968] cloud-init[1006]: | ..++o .         |
[   34.909341] cloud-init[1006]: |. +.+ . o .      |
[   34.916650] cloud-init[1006]: |E* * . ..=.      |
[   34.920605] cloud-init[1006]: |=.+ ++o+*o       |
[   34.942421] cloud-init[1006]: +----[SHA256]-----+
[   34.949242] cloud-init[1006]: Generating public/private ed25519 key pair.
[   34.955908] cloud-init[1006]: Your identification has been saved in /etc/ssh/ssh_host_ed25519_key.
[   34.962547] cloud-init[1006]: Your public key has been saved in /etc/ssh/ssh_host_ed25519_key.pub.
[   34.979555] cloud-init[1006]: The key fingerprint is:
[   34.992767] cloud-init[1006]: SHA256:92l17KB+PBEkoMrYMmPZlUXmmlhHsTRi7Pcnl9ABB7o root@ubuntu-xenial
[   35.013023] cloud-init[1006]: The key's randomart image is:
[   35.060919] cloud-init[1006]: +--[ED25519 256]--+
[   35.104962] cloud-init[1006]: |       .o.Xooo.  |
[   35.132631] cloud-init[1006]: |       ..X +..o  |
[   35.144006] cloud-init[1006]: |       .= =  + . |
[   35.159236] cloud-init[1006]: |     * =.+... o. |
[   35.167675] cloud-init[1006]: |    B * S.E. .ooo|
[   35.188769] cloud-init[1006]: |   . +   . .o+=+ |
[   35.192898] cloud-init[1006]: |            == ..|
[   35.208420] cloud-init[1006]: |           o  +  |
[   35.220875] cloud-init[1006]: |            .. . |
[   35.242098] cloud-init[1006]: +----[SHA256]-----+
[   35.248412] cloud-init[1133]: Generating locales (this might take a while)...
[   35.369180] cloud-init[1133]:   en_US.UTF-8... done
[   35.373936] cloud-init[1133]: Generation complete.
         Stopping OpenBSD Secure Shell server...
[[0;32m  OK  [0m] Stopped OpenBSD Secure Shell server.
         Starting OpenBSD Secure Shell server...
[[0;32m  OK  [0m] Started OpenBSD Secure Shell server.
[[0;32m  OK  [0m] Created slice User Slice of ubuntu.
         Starting User Manager for UID 1000...
[[0;32m  OK  [0m] Started Session 1 of user ubuntu.
[[0;32m  OK  [0m] Started User Manager for UID 1000.
[   36.041202] cloud-init[1133]: Cloud-init v. 0.7.8 running 'modules:config' at Wed, 16 Nov 2016 11:27:44 +0000. Up 33.28 seconds.
[[0;32m  OK  [0m] Started Apply the settings specified in cloud-config.
         Starting Execute cloud user/final scripts...
ci-info: no authorized ssh keys fingerprints found for user ubuntu.
<14>Nov 16 11:27:48 ec2: 
<14>Nov 16 11:27:48 ec2: #############################################################
<14>Nov 16 11:27:48 ec2: -----BEGIN SSH HOST KEY FINGERPRINTS-----
<14>Nov 16 11:27:48 ec2: 1024 SHA256:5+0eFf4N1nCzEY6axmzPuDg2oM6gU8Dxkc8KMkZOtQ0 root@ubuntu-xenial (DSA)
<14>Nov 16 11:27:48 ec2: 256 SHA256:sKaKdVhhgAsaPe/SDBlR4qVPo/bar3+nnuklLIpYCjo root@ubuntu-xenial (ECDSA)
<14>Nov 16 11:27:48 ec2: 256 SHA256:92l17KB+PBEkoMrYMmPZlUXmmlhHsTRi7Pcnl9ABB7o root@ubuntu-xenial (ED25519)
<14>Nov 16 11:27:48 ec2: 2048 SHA256:T4/IH0XkDzlspdTXBXhBoJVZqhubtsuNwEuj4J+nYfw root@ubuntu-xenial (RSA)
<14>Nov 16 11:27:48 ec2: -----END SSH HOST KEY FINGERPRINTS-----
<14>Nov 16 11:27:48 ec2: #############################################################
-----BEGIN SSH HOST KEY KEYS-----
ecdsa-sha2-nistp256 AAAAE2VjZHNhLXNoYTItbmlzdHAyNTYAAAAIbmlzdHAyNTYAAABBBOHhYuXXPj1LJkeWipH9niU4i24OEPMz6QE+uvVfOQXVuYJuxKuxmFyHdixNkp3OH80soJ2GzSiqzVeRG7Wj32M= root@ubuntu-xenial
ssh-ed25519 AAAAC3NzaC1lZDI1NTE5AAAAIAikVEpf1cOMSaFCwar5zImV4wboJG2BFQGkjsSZrmQN root@ubuntu-xenial
ssh-rsa AAAAB3NzaC1yc2EAAAADAQABAAABAQDPfLEh7Pke9fqG3V0S6ippYpp7AHA+0c88cRB4uA57b+0koNhCgmjWlKTx2Qw3b6ioDxT4b9mlnGKW0RviS1jxToUzP/9NXN2CK91qJXOIrZ9y/B6dH616U2Ca2iuT7UK+GqO2EHX1aqDObNfGsDZIA1kJhTsjKHA39FgCYsgVSxqdWNFDVTiyQx19JBnnpbRF5CZjZc+Vk5ej+BGTKEaVnLsLFvUwCQ3pE+OnG3FugqbT5t2ktIQMt3nv/GP75L7wqO8rrrytQs/GLQvhAZBKgvWkQ48wPqEyGAcMwcxm4mooWjTqhut7s9+HoVrl8C4vBMy9sXJ1yXQnKkD4WGHh root@ubuntu-xenial
-----END SSH HOST KEY KEYS-----
[   37.284630] cloud-init[1372]: Cloud-init v. 0.7.8 running 'modules:final' at Wed, 16 Nov 2016 11:27:47 +0000. Up 36.68 seconds.
[   37.288569] cloud-init[1372]: ci-info: no authorized ssh keys fingerprints found for user ubuntu.
[   37.328912] cloud-init[1372]: Cloud-init v. 0.7.8 finished at Wed, 16 Nov 2016 11:27:48 +0000. Datasource DataSourceNoCloud [seed=/dev/sdb][dsmode=net].  Up 37.26 seconds
[[0;32m  OK  [0m] Started Execute cloud user/final scripts.
[[0;32m  OK  [0m] Reached target Cloud-init target.

Ubuntu 16.04.1 LTS mgmt ttyS0

mgmt login: 